INFO [03-03|20:25:34.557] Maximum peer count                       ETH=50 total=50
INFO [03-03|20:25:34.558] Using pebble as db engine
INFO [03-03|20:25:34.560] Use CLI state scheme                     CLI=path
INFO [03-03|20:25:34.560] Set global gas cap                       cap=50,000,000
INFO [03-03|20:25:34.560] Initializing the KZG library             backend=gokzg
INFO [03-03|20:25:34.576] Using pebble as the backing database
INFO [03-03|20:25:34.577] Allocated cache and file handles         database=/Users/gala/data/web3/node-deploy/mygit/node-deploy/local/chain/node1/geth/chaindata cache=16.00MiB handles=16 "memory table"=4.00MiB
INFO [03-03|20:25:34.654] Opened ancient database                  database=/Users/gala/data/web3/node-deploy/mygit/node-deploy/local/chain/node1/geth/chaindata/ancient/chain readonly=false frozen=0
INFO [03-03|20:25:34.656] Using pebble as the backing database
INFO [03-03|20:25:34.656] Allocated cache and file handles         database=/Users/gala/data/web3/node-deploy/mygit/node-deploy/local/chain/node1/geth/chaindata/state cache=16.00MiB handles=16 "memory table"=4.00MiB
INFO [03-03|20:25:34.726] Opened ancient database                  database=/Users/gala/data/web3/node-deploy/mygit/node-deploy/local/chain/node1/geth/chaindata/state/ancient/chain readonly=false frozen=0
INFO [03-03|20:25:34.729] Using pebble as the backing database
INFO [03-03|20:25:34.729] Allocated cache and file handles         database=/Users/gala/data/web3/node-deploy/mygit/node-deploy/local/chain/node1/geth/chaindata/block cache=16.00MiB handles=16 "memory table"=4.00MiB
INFO [03-03|20:25:34.797] Opened ancient database                  database=/Users/gala/data/web3/node-deploy/mygit/node-deploy/local/chain/node1/geth/chaindata/block/ancient/chain readonly=false frozen=0
WARN [03-03|20:25:34.800] Multi-database is an experimental feature
INFO [03-03|20:25:34.800] State scheme set by user                 scheme=path
INFO [03-03|20:25:34.800] New journal reader for journal kv
INFO [03-03|20:25:34.800] New journal reader for journal kv
WARN [03-03|20:25:34.800] Failed to load disk journal with node buffer, discard it err="journal not found"
INFO [03-03|20:25:34.800] New async node buffer                    limit=64.00MiB layers=0
INFO [03-03|20:25:34.836] Opened ancient database                  database=/Users/gala/data/web3/node-deploy/mygit/node-deploy/local/chain/node1/geth/chaindata/state/ancient/state readonly=false frozen=0
INFO [03-03|20:25:34.836] Initialized path database                cache=16.00MiB buffer=64.00MiB history=90000
INFO [03-03|20:25:34.836] Writing custom genesis block
INFO [03-03|20:25:34.921] genesis block hash                       hash=5e1041..7a31dc
INFO [03-03|20:25:34.921] Successfully wrote genesis state         database=chaindata hash=0x5e10410e209a23848c2476ace9965a02bb7ca112d4fe9a2843dd8295fa7a31dc
